Sarahs-MacBook-Pro:~ suchasa$ 
  [Restored May 10, 2016, 9:54:07 AM]
Last login: Tue May 10 09:51:19 on console
Sarahs-MacBook-Pro:~ suchasa$ cd Documents/
Sarahs-MacBook-Pro:Documents suchasa$ cd DevBootcamp/
Sarahs-MacBook-Pro:DevBootcamp suchasa$ git clone https://github.com/jan12a/phase-0-gps-1.git
Cloning into 'phase-0-gps-1'...
remote: Counting objects: 7, done.
remote: Compressing objects: 100% (5/5), done.
remote: Total 7 (delta 1), reused 3 (delta 0), pack-reused 0
Unpacking objects: 100% (7/7), done.
Checking connectivity... done.
Sarahs-MacBook-Pro:DevBootcamp suchasa$ cd phase-0-gps-1/
Sarahs-MacBook-Pro:phase-0-gps-1 suchasa$ ls -a
.		.git		README.md
..		LICENSE		awesome_page.md
Sarahs-MacBook-Pro:phase-0-gps-1 suchasa$ git branch
* master
Sarahs-MacBook-Pro:phase-0-gps-1 suchasa$ git branch
* master
Sarahs-MacBook-Pro:phase-0-gps-1 suchasa$ git checkout -b add-command-log
Switched to a new branch 'add-command-log'
Sarahs-MacBook-Pro:phase-0-gps-1 suchasa$ git banch
git: 'banch' is not a git command. See 'git --help'.

Did you mean this?
	branch
Sarahs-MacBook-Pro:phase-0-gps-1 suchasa$ git branch
* add-command-log
  master
Sarahs-MacBook-Pro:phase-0-gps-1 suchasa$ cd ..
Sarahs-MacBook-Pro:DevBootcamp suchasa$ cd ../../
Sarahs-MacBook-Pro:~ suchasa$ cd Do
-bash: cd: Do: No such file or directory
Sarahs-MacBook-Pro:~ suchasa$ cd Documents
Sarahs-MacBook-Pro:Documents suchasa$ cd Code
-bash: cd: Code: No such file or directory
Sarahs-MacBook-Pro:Documents suchasa$ cd ..
Sarahs-MacBook-Pro:~ suchasa$ cd Code/
Sarahs-MacBook-Pro:Code suchasa$ cd devbootcamp/
Sarahs-MacBook-Pro:devbootcamp suchasa$ cd phase-0-tracks/
Sarahs-MacBook-Pro:phase-0-tracks suchasa$ git pull 
remote: Counting objects: 9, done.
remote: Total 9 (delta 4), reused 4 (delta 4), pack-reused 5
Unpacking objects: 100% (9/9), done.
From https://github.com/sarahsucha/phase-0-tracks
   6eb48f1..ec4288a  master     -> origin/master
There is no tracking information for the current branch.
Please specify which branch you want to merge with.
See git-pull(1) for details.

    git pull <remote> <branch>

If you wish to set tracking information for this branch you can do so with:

    git branch --set-upstream-to=origin/<branch> update-definitions

Sarahs-MacBook-Pro:phase-0-tracks suchasa$ git pull origin master
From https://github.com/sarahsucha/phase-0-tracks
 * branch            master     -> FETCH_HEAD
Updating 26b1f7b..ec4288a
Fast-forward
 version-control/git-definitions.md | 4 ++--
 1 file changed, 2 insertions(+), 2 deletions(-)
Sarahs-MacBook-Pro:phase-0-tracks suchasa$ cd html/
Sarahs-MacBook-Pro:html suchasa$ mkdir web_basics
Sarahs-MacBook-Pro:html suchasa$ cd web_basics/
Sarahs-MacBook-Pro:web_basics suchasa$ pwd
/Users/suchasa/Code/devbootcamp/phase-0-tracks/html/web_basics
Sarahs-MacBook-Pro:web_basics suchasa$ ../../../
-bash: ../../../: is a directory
Sarahs-MacBook-Pro:web_basics suchasa$ cd ../../../
Sarahs-MacBook-Pro:devbootcamp suchasa$ cd ../../
Sarahs-MacBook-Pro:~ suchasa$ cd ..
Sarahs-MacBook-Pro:Users suchasa$ cd ..
Sarahs-MacBook-Pro:/ suchasa$ cd ..
Sarahs-MacBook-Pro:/ suchasa$ cd Desktop
-bash: cd: Desktop: No such file or directory
Sarahs-MacBook-Pro:/ suchasa$ pwd
/
Sarahs-MacBook-Pro:/ suchasa$ cd ..
Sarahs-MacBook-Pro:/ suchasa$ ls
Applications			home
Library				installer.failurerequests
Network				net
System				private
Users				sbin
Volumes				tmp
bin				usr
cores				var
dev				winstrom-install-log.txt
etc
Sarahs-MacBook-Pro:/ suchasa$ cd Users
Sarahs-MacBook-Pro:Users suchasa$ ls
Guest	Shared	suchasa
Sarahs-MacBook-Pro:Users suchasa$ cd suchasa
Sarahs-MacBook-Pro:~ suchasa$ ls
Applications		Downloads		Pictures
Code			Google Drive		Public
Creative Cloud Files	Library			quickstart.html
Desktop			Movies			rabbitguides
Documents		Music			sarah sucha site
Sarahs-MacBook-Pro:~ suchasa$ cd Desktop/
Sarahs-MacBook-Pro:Desktop suchasa$ ls
13903153-Light-gray-modern-stucco-texture-Stock-Photo.jpg
355122292_0_RocniVypisROS.pdf
82553036_IdCard.pdf
IMG_20160318_082853.jpg
Majorelle Blue Stucco Texture.png
Package-Information-FBAQFY42Q.txt
Prague and Venice labels.pdf
PragueUK.pdf
Scan.jpeg
Screen Shot 2016-02-28 at 1.49.56 PM.png
Screen Shot 2016-02-28 at 2.00.58 PM.png
Screen Shot 2016-02-28 at 2.12.14 PM.png
Screen Shot 2016-03-02 at 9.37.35 PM.png
Screen Shot 2016-03-02 at 9.48.20 PM.png
Screen Shot 2016-03-02 at 9.49.24 PM.png
Screen Shot 2016-03-02 at 9.49.59 PM.png
Screen Shot 2016-03-02 at 9.52.10 PM.png
Screen Shot 2016-03-04 at 6.00.32 PM.png
Screen Shot 2016-03-08 at 4.41.40 PM.png
Screen Shot 2016-03-14 at 7.47.20 AM.png
Screen Shot 2016-03-16 at 5.25.59 PM.png
Screen Shot 2016-03-23 at 9.50.37 AM.png
Screen Shot 2016-03-27 at 9.23.12 AM.png
Screen Shot 2016-03-29 at 4.48.08 PM.png
Screen Shot 2016-03-29 at 4.48.29 PM.png
Screen Shot 2016-03-30 at 10.04.37 AM.png
Screen Shot 2016-03-30 at 11.04.28 AM.png
Screen Shot 2016-03-30 at 11.10.36 AM.png
Screen Shot 2016-03-30 at 11.10.54 AM.png
Screen Shot 2016-03-30 at 2.25.45 PM.png
Screen Shot 2016-03-30 at 2.53.31 PM.png
Screen Shot 2016-05-08 at 1.14.35 PM.png
Screen Shot 2016-05-10 at 2.09.27 PM.png
Screen Shot 2016-05-10 at 2.41.36 PM.png
Travel document for  SUCHA - SARAH - 69O8ZH (1).pdf
Travel document for  SUCHA - SARAH - 69O8ZH.pdf
VeniceUK.pdf
WirelessDiagnostics_C02PQJ65G8WP_2016-04-03_09.41.11.tar.gz
businesscard_template_us_ai
businesscard_template_us_ai.zip
intro-javascript-files
intro-jquery-files
lovelo
lovelo.zip
majorelle-012c.jpg
mc1680MFGDIMacOS106_140MU.dmg
mc1680MFTWAINMacOS106_130MU.dmg
packagelabels.pdf
rabbitguides (1).pdf
rabbitguides (2).pdf
rabbitguides.pdf
Sarahs-MacBook-Pro:Desktop suchasa$ mv Screen\ Shot\ 2016-05-10\ at\ 2.41.36\ PM.png devToolsPane.png
Sarahs-MacBook-Pro:Desktop suchasa$ mv devToolsPane.png /Users/suchasa/Code/devbootcamp/phase-0-tracks/html/web_basics
Sarahs-MacBook-Pro:Desktop suchasa$ git status
fatal: Not a git repository (or any of the parent directories): .git
Sarahs-MacBook-Pro:Desktop suchasa$ md /Users/suchasa/Code/devbootcamp/phase-0-tracks/html/web_basics
-bash: md: command not found
Sarahs-MacBook-Pro:Desktop suchasa$ cd /Users/suchasa/Code/devbootcamp/phase-0-tracks/html/web_basics
Sarahs-MacBook-Pro:web_basics suchasa$ git status
On branch update-definitions
Untracked files:
  (use "git add <file>..." to include in what will be committed)

	./

nothing added to commit but untracked files present (use "git add" to track)
Sarahs-MacBook-Pro:web_basics suchasa$ ls
devToolsPane.png
Sarahs-MacBook-Pro:web_basics suchasa$ cd ..
Sarahs-MacBook-Pro:html suchasa$ ls
forms		moon_bootz	planning	web_basics
Sarahs-MacBook-Pro:html suchasa$ git status
On branch update-definitions
Untracked files:
  (use "git add <file>..." to include in what will be committed)

	web_basics/

nothing added to commit but untracked files present (use "git add" to track)
Sarahs-MacBook-Pro:html suchasa$ git add .
Sarahs-MacBook-Pro:html suchasa$ git status
On branch update-definitions
Changes to be committed:
  (use "git reset HEAD <file>..." to unstage)

	new file:   web_basics/devToolsPane.png

Sarahs-MacBook-Pro:html suchasa$ git commit -m "create web_basics folder with content"
[update-definitions 47742cc] create web_basics folder with content
 1 file changed, 0 insertions(+), 0 deletions(-)
 create mode 100644 html/web_basics/devToolsPane.png
Sarahs-MacBook-Pro:html suchasa$ git status
On branch update-definitions
nothing to commit, working directory clean
Sarahs-MacBook-Pro:html suchasa$ git push origin master
To https://github.com/sarahsucha/phase-0-tracks.git
 ! [rejected]        master -> master (non-fast-forward)
error: failed to push some refs to 'https://github.com/sarahsucha/phase-0-tracks.git'
hint: Updates were rejected because a pushed branch tip is behind its remote
hint: counterpart. Check out this branch and integrate the remote changes
hint: (e.g. 'git pull ...') before pushing again.
hint: See the 'Note about fast-forwards' in 'git push --help' for details.
Sarahs-MacBook-Pro:html suchasa$ cd web_basics/
Sarahs-MacBook-Pro:web_basics suchasa$ git branch
  master
* update-definitions
Sarahs-MacBook-Pro:web_basics suchasa$ git checkout -b web_basics
Switched to a new branch 'web_basics'
Sarahs-MacBook-Pro:web_basics suchasa$ touch index.html
Sarahs-MacBook-Pro:web_basics suchasa$ ls
devToolsPane.png	index.html
Sarahs-MacBook-Pro:web_basics suchasa$ open -a "Atom" index.html 
Sarahs-MacBook-Pro:web_basics suchasa$ open index.html 
Sarahs-MacBook-Pro:web_basics suchasa$ git status
On branch web_basics
Untracked files:
  (use "git add <file>..." to include in what will be committed)

	index.html

nothing added to commit but untracked files present (use "git add" to track)
Sarahs-MacBook-Pro:web_basics suchasa$ git add index.html 
Sarahs-MacBook-Pro:web_basics suchasa$ git status
On branch web_basics
Changes to be committed:
  (use "git reset HEAD <file>..." to unstage)

	new file:   index.html

Sarahs-MacBook-Pro:web_basics suchasa$ git commit -m "add H1 to index.html"
[web_basics 51075b1] add H1 to index.html
 1 file changed, 10 insertions(+)
 create mode 100644 html/web_basics/index.html
Sarahs-MacBook-Pro:web_basics suchasa$ git status
On branch web_basics
nothing to commit, working directory clean
Sarahs-MacBook-Pro:web_basics suchasa$ git push origin web_basics
Counting objects: 10, done.
Delta compression using up to 8 threads.
Compressing objects: 100% (9/9), done.
Writing objects: 100% (10/10), 1.28 MiB | 1.44 MiB/s, done.
Total 10 (delta 4), reused 0 (delta 0)
To https://github.com/sarahsucha/phase-0-tracks.git
 * [new branch]      web_basics -> web_basics
Sarahs-MacBook-Pro:web_basics suchasa$ git branch
  master
  update-definitions
* web_basics
Sarahs-MacBook-Pro:web_basics suchasa$ git fetch origin master
remote: Counting objects: 1, done.
remote: Total 1 (delta 0), reused 0 (delta 0), pack-reused 1
Unpacking objects: 100% (1/1), done.
From https://github.com/sarahsucha/phase-0-tracks
 * branch            master     -> FETCH_HEAD
   ec4288a..c9195aa  master     -> origin/master
Sarahs-MacBook-Pro:web_basics suchasa$ git merge origin/master
Updating 51075b1..c9195aa
Fast-forward
Sarahs-MacBook-Pro:web_basics suchasa$ git branch
  master
  update-definitions
* web_basics
Sarahs-MacBook-Pro:web_basics suchasa$ git branch -web_basics
error: unknown switch `w'
usage: git branch [<options>] [-r | -a] [--merged | --no-merged]
   or: git branch [<options>] [-l] [-f] <branch-name> [<start-point>]
   or: git branch [<options>] [-r] (-d | -D) <branch-name>...
   or: git branch [<options>] (-m | -M) [<old-branch>] <new-branch>
   or: git branch [<options>] [-r | -a] [--points-at]

Generic options
    -v, --verbose         show hash and subject, give twice for upstream branch
    -q, --quiet           suppress informational messages
    -t, --track           set up tracking mode (see git-pull(1))
    --set-upstream        change upstream info
    -u, --set-upstream-to <upstream>
                          change the upstream info
    --unset-upstream      Unset the upstream info
    --color[=<when>]      use colored output
    -r, --remotes         act on remote-tracking branches
    --contains <commit>   print only branches that contain the commit
    --abbrev[=<n>]        use <n> digits to display SHA-1s

Specific git-branch actions:
    -a, --all             list both remote-tracking and local branches
    -d, --delete          delete fully merged branch
    -D                    delete branch (even if not merged)
    -m, --move            move/rename a branch and its reflog
    -M                    move/rename a branch, even if target exists
    --list                list branch names
    -l, --create-reflog   create the branch's reflog
    --edit-description    edit the description for the branch
    -f, --force           force creation, move/rename, deletion
    --merged <commit>     print only branches that are merged
    --no-merged <commit>  print only branches that are not merged
    --column[=<style>]    list branches in columns
    --sort <key>          field name to sort on
    --points-at <object>  print only branches of the object

Sarahs-MacBook-Pro:web_basics suchasa$ git branch -d web_basics
error: Cannot delete the branch 'web_basics' which you are currently on.
Sarahs-MacBook-Pro:web_basics suchasa$ git checkout master
Switched to branch 'master'
Your branch is behind 'origin/master' by 7 commits, and can be fast-forwarded.
  (use "git pull" to update your local branch)
Sarahs-MacBook-Pro:web_basics suchasa$ git branch -d web_basics
fatal: Unable to read current working directory: No such file or directory
Sarahs-MacBook-Pro:web_basics suchasa$ git branch
fatal: Unable to read current working directory: No such file or directory
Sarahs-MacBook-Pro:web_basics suchasa$ git branch
fatal: Unable to read current working directory: No such file or directory
Sarahs-MacBook-Pro:web_basics suchasa$ git pull
fatal: Unable to read current working directory: No such file or directory
Sarahs-MacBook-Pro:web_basics suchasa$ cd ..
Sarahs-MacBook-Pro:html suchasa$ ls
forms		moon_bootz	planning
Sarahs-MacBook-Pro:html suchasa$ git fetch origin master
From https://github.com/sarahsucha/phase-0-tracks
 * branch            master     -> FETCH_HEAD
Sarahs-MacBook-Pro:html suchasa$ git merge origin/master
Updating 6eb48f1..c9195aa
Fast-forward
 html/web_basics/devToolsPane.png   | Bin 0 -> 1381473 bytes
 html/web_basics/index.html         |  10 ++++++++++
 version-control/git-definitions.md |  17 ++++++++++++-----
 3 files changed, 22 insertions(+), 5 deletions(-)
 create mode 100644 html/web_basics/devToolsPane.png
 create mode 100644 html/web_basics/index.html
Sarahs-MacBook-Pro:html suchasa$ ls
forms		moon_bootz	planning	web_basics
Sarahs-MacBook-Pro:html suchasa$ git branch
* master
  update-definitions
  web_basics
Sarahs-MacBook-Pro:html suchasa$ git merge web_basics
Already up-to-date.
Sarahs-MacBook-Pro:html suchasa$ git branch
* master
  update-definitions
  web_basics
Sarahs-MacBook-Pro:html suchasa$ git branch -d web_basics
Deleted branch web_basics (was c9195aa).
Sarahs-MacBook-Pro:html suchasa$ git branch
* master
  update-definitions
Sarahs-MacBook-Pro:html suchasa$ git checkout -b create_elements
Switched to a new branch 'create_elements'
Sarahs-MacBook-Pro:html suchasa$ git branch
* create_elements
  master
  update-definitions
Sarahs-MacBook-Pro:html suchasa$ git status
On branch create_elements
Changes not staged for commit:
  (use "git add <file>..." to update what will be committed)
  (use "git checkout -- <file>..." to discard changes in working directory)

	modified:   web_basics/index.html

no changes added to commit (use "git add" and/or "git commit -a")
Sarahs-MacBook-Pro:html suchasa$ git add .
Sarahs-MacBook-Pro:html suchasa$ git status
On branch create_elements
Changes to be committed:
  (use "git reset HEAD <file>..." to unstage)

	modified:   web_basics/index.html

Sarahs-MacBook-Pro:html suchasa$ git commit -m "add content to index.html"
[create_elements 1621659] add content to index.html
 1 file changed, 16 insertions(+), 2 deletions(-)
Sarahs-MacBook-Pro:html suchasa$ git status
On branch create_elements
nothing to commit, working directory clean
Sarahs-MacBook-Pro:html suchasa$ git push origin create_elements
Counting objects: 5, done.
Delta compression using up to 8 threads.
Compressing objects: 100% (5/5), done.
Writing objects: 100% (5/5), 848 bytes | 0 bytes/s, done.
Total 5 (delta 2), reused 0 (delta 0)
To https://github.com/sarahsucha/phase-0-tracks.git
 * [new branch]      create_elements -> create_elements
Sarahs-MacBook-Pro:html suchasa$ 
